/Users/bhavyabhatia/Downloads/cacsacdiaFinal copy/src/main/java/com/gameView/startingTiles.java
/Users/bhavyabhatia/Downloads/cacsacdiaFinal copy/src/main/java/com/gameView/wildlife_Tokens.java
/Users/bhavyabhatia/Downloads/cacsacdiaFinal copy/src/main/java/com/cascadia/demo/LauncherWindow.java
/Users/bhavyabhatia/Downloads/cacsacdiaFinal copy/src/main/java/com/gameView/wildLifeScoringCards.java
/Users/bhavyabhatia/Downloads/cacsacdiaFinal copy/src/main/java/com/gameView/HexGrid.java
/Users/bhavyabhatia/Downloads/cacsacdiaFinal copy/src/main/java/com/gameView/Tiles.java
/Users/bhavyabhatia/Downloads/cacsacdiaFinal copy/src/main/java/com/cascadia/demo/subScene.java
/Users/bhavyabhatia/Downloads/cacsacdiaFinal copy/src/main/java/com/gameView/Hex_subScene.java
/Users/bhavyabhatia/Downloads/cacsacdiaFinal copy/src/main/java/module-info.java
/Users/bhavyabhatia/Downloads/cacsacdiaFinal copy/src/main/java/com/gameView/GameViewLauncher.java
/Users/bhavyabhatia/Downloads/cacsacdiaFinal copy/src/main/java/com/gameView/imgData.java
/Users/bhavyabhatia/Downloads/cacsacdiaFinal copy/src/main/java/com/cascadia/demo/ViewLauncher.java
/Users/bhavyabhatia/Downloads/cacsacdiaFinal copy/src/main/java/com/gameView/wTokenBag.java
/Users/bhavyabhatia/Downloads/cacsacdiaFinal copy/src/main/java/com/cascadia/demo/Buttons.java
/Users/bhavyabhatia/Downloads/cacsacdiaFinal copy/src/main/java/com/cascadia/demo/Player.java
/Users/bhavyabhatia/Downloads/cacsacdiaFinal copy/src/main/java/com/gameView/scoringWildlife.java
/Users/bhavyabhatia/Downloads/cacsacdiaFinal copy/src/main/java/com/gameView/tileBag.java
